✖ direct stage assessment triggers the next recommendation only after its result exists (7.8571ms)
✔ failed stage result never triggers a recommendation (0.701ms)
✔ failed recommendation does not erase a successful direct assessment result (0.2638ms)
ℹ tests 3
ℹ suites 0
ℹ pass 2
ℹ fail 1
ℹ cancelled 0
ℹ skipped 0
ℹ todo 0
ℹ duration_ms 17.5751

✖ failing tests:

test at test\learning-intelligence-assessment-feedback.test.js:22:1
✖ direct stage assessment triggers the next recommendation only after its result exists (7.8571ms)
  AssertionError [ERR_ASSERTION]: Expected values to be strictly deep-equal:
  + actual - expected
  
    [
      'practice',
      'result',
  -   {
  -     sourceId: 'stage-result-1',
  -     triggerType: 'stage_assessment',
  -     userId: 'u-1'
  -   }
    ]
  
      at TestContext.<anonymous> (file:///D:/%E8%AE%A1%E7%AE%97%E6%9C%BA%E8%80%83%E7%A0%94%E6%8F%90%E5%88%86%E7%B3%BB%E7%BB%9F/test/learning-intelligence-assessment-feedback.test.js:26:10)
      at async Test.run (node:internal/test_runner/test:1208:7)
      at async startSubtestAfterBootstrap (node:internal/test_runner/harness:385:3) {
    generatedMessage: true,
    code: 'ERR_ASSERTION',
    actual: [Array],
    expected: [Array],
    operator: 'deepStrictEqual',
    diff: 'simple'
  }
